Archive member included because of file (symbol)

c:/winavr-20100110/bin/../lib/gcc/avr/4.3.3\libgcc.a(_mulsi3.o)
                              ./main.o (__mulsi3)
c:/winavr-20100110/bin/../lib/gcc/avr/4.3.3\libgcc.a(_divmodhi4.o)
                              ./main.o (__divmodhi4)
c:/winavr-20100110/bin/../lib/gcc/avr/4.3.3\libgcc.a(_udivmodsi4.o)
                              ./main.o (__udivmodsi4)
c:/winavr-20100110/bin/../lib/gcc/avr/4.3.3\libgcc.a(_exit.o)
                              c:/winavr-20100110/bin/../lib/gcc/avr/4.3.3/../../../../avr/lib/crttn26.o (exit)
c:/winavr-20100110/bin/../lib/gcc/avr/4.3.3\libgcc.a(_copy_data.o)
                              ./main.o (__do_copy_data)
c:/winavr-20100110/bin/../lib/gcc/avr/4.3.3\libgcc.a(_clear_bss.o)
                              ./main.o (__do_clear_bss)
c:/winavr-20100110/bin/../lib/gcc/avr/4.3.3\libgcc.a(_udivmodhi4.o)
                              c:/winavr-20100110/bin/../lib/gcc/avr/4.3.3\libgcc.a(_divmodhi4.o) (__udivmodhi4)
c:/winavr-20100110/bin/../lib/gcc/avr/4.3.3/../../../../avr/lib\libc.a(strrev.o)
                              ./main.o (strrev)

Allocating common symbols
Common symbol       size              file

liczba              0xa               ./main.o

Memory Configuration

Name             Origin             Length             Attributes
text             0x00000000         0x00002000         xr
data             0x00800060         0x0000ffa0         rw !x
eeprom           0x00810000         0x00010000         rw !x
fuse             0x00820000         0x00000400         rw !x
lock             0x00830000         0x00000400         rw !x
signature        0x00840000         0x00000400         rw !x
*default*        0x00000000         0xffffffff

Linker script and memory map

LOAD c:/winavr-20100110/bin/../lib/gcc/avr/4.3.3/../../../../avr/lib/crttn26.o
LOAD ./main.o
LOAD ./LCD/lcd44780.o
LOAD c:/winavr-20100110/bin/../lib/gcc/avr/4.3.3\libgcc.a
LOAD c:/winavr-20100110/bin/../lib/gcc/avr/4.3.3/../../../../avr/lib\libc.a
LOAD c:/winavr-20100110/bin/../lib/gcc/avr/4.3.3\libgcc.a

.hash
 *(.hash)

.dynsym
 *(.dynsym)

.dynstr
 *(.dynstr)

.gnu.version
 *(.gnu.version)

.gnu.version_d
 *(.gnu.version_d)

.gnu.version_r
 *(.gnu.version_r)

.rel.init
 *(.rel.init)

.rela.init
 *(.rela.init)

.rel.text
 *(.rel.text)
 *(.rel.text.*)
 *(.rel.gnu.linkonce.t*)

.rela.text
 *(.rela.text)
 *(.rela.text.*)
 *(.rela.gnu.linkonce.t*)

.rel.fini
 *(.rel.fini)

.rela.fini
 *(.rela.fini)

.rel.rodata
 *(.rel.rodata)
 *(.rel.rodata.*)
 *(.rel.gnu.linkonce.r*)

.rela.rodata
 *(.rela.rodata)
 *(.rela.rodata.*)
 *(.rela.gnu.linkonce.r*)

.rel.data
 *(.rel.data)
 *(.rel.data.*)
 *(.rel.gnu.linkonce.d*)

.rela.data
 *(.rela.data)
 *(.rela.data.*)
 *(.rela.gnu.linkonce.d*)

.rel.ctors
 *(.rel.ctors)

.rela.ctors
 *(.rela.ctors)

.rel.dtors
 *(.rel.dtors)

.rela.dtors
 *(.rela.dtors)

.rel.got
 *(.rel.got)

.rela.got
 *(.rela.got)

.rel.bss
 *(.rel.bss)

.rela.bss
 *(.rela.bss)

.rel.plt
 *(.rel.plt)

.rela.plt
 *(.rela.plt)

.text           0x00000000      0x698
 *(.vectors)
 .vectors       0x00000000       0x18 c:/winavr-20100110/bin/../lib/gcc/avr/4.3.3/../../../../avr/lib/crttn26.o
                0x00000000                __vectors
                0x00000000                __vector_default
 *(.vectors)
 *(.progmem.gcc*)
 *(.progmem*)
 .progmem.data  0x00000018       0x22 ./main.o
                0x0000003a                . = ALIGN (0x2)
                0x0000003a                __trampolines_start = .
 *(.trampolines)
 .trampolines   0x0000003a        0x0 linker stubs
 *(.trampolines*)
                0x0000003a                __trampolines_end = .
 *(.jumptables)
 *(.jumptables*)
 *(.lowtext)
 *(.lowtext*)
                0x0000003a                __ctors_start = .
 *(.ctors)
                0x0000003a                __ctors_end = .
                0x0000003a                __dtors_start = .
 *(.dtors)
                0x0000003a                __dtors_end = .
 SORT(*)(.ctors)
 SORT(*)(.dtors)
 *(.init0)
 .init0         0x0000003a        0x0 c:/winavr-20100110/bin/../lib/gcc/avr/4.3.3/../../../../avr/lib/crttn26.o
                0x0000003a                __init
 *(.init0)
 *(.init1)
 *(.init1)
 *(.init2)
 .init2         0x0000003a        0x8 c:/winavr-20100110/bin/../lib/gcc/avr/4.3.3/../../../../avr/lib/crttn26.o
 *(.init2)
 *(.init3)
 *(.init3)
 *(.init4)
 .init4         0x00000042       0x18 c:/winavr-20100110/bin/../lib/gcc/avr/4.3.3\libgcc.a(_copy_data.o)
                0x00000042                __do_copy_data
 .init4         0x0000005a       0x10 c:/winavr-20100110/bin/../lib/gcc/avr/4.3.3\libgcc.a(_clear_bss.o)
                0x0000005a                __do_clear_bss
 *(.init4)
 *(.init5)
 *(.init5)
 *(.init6)
 *(.init6)
 *(.init7)
 *(.init7)
 *(.init8)
 *(.init8)
 *(.init9)
 .init9         0x0000006a        0x4 c:/winavr-20100110/bin/../lib/gcc/avr/4.3.3/../../../../avr/lib/crttn26.o
 *(.init9)
 *(.text)
 .text          0x0000006e        0x2 c:/winavr-20100110/bin/../lib/gcc/avr/4.3.3/../../../../avr/lib/crttn26.o
                0x0000006e                __vector_1
                0x0000006e                __bad_interrupt
                0x0000006e                __vector_6
                0x0000006e                __vector_3
                0x0000006e                __vector_11
                0x0000006e                __vector_7
                0x0000006e                __vector_5
                0x0000006e                __vector_4
                0x0000006e                __vector_9
                0x0000006e                __vector_2
                0x0000006e                __vector_8
                0x0000006e                __vector_10
 .text          0x00000070      0x3a6 ./main.o
                0x00000070                int_to_str
                0x00000120                main
 .text          0x00000416      0x184 ./LCD/lcd44780.o
                0x00000530                lcd_cls
                0x00000488                _lcd_write_byte
                0x00000522                lcd_locate
                0x000004be                lcd_char
                0x00000482                check_BF
                0x000004ce                lcd_str
                0x000004b2                lcd_write_cmd
                0x000004f2                lcd_str_P
                0x00000536                lcd_init
                0x000004b8                lcd_write_data
                0x0000045e                _lcd_read_byte
 .text          0x0000059a        0x0 c:/winavr-20100110/bin/../lib/gcc/avr/4.3.3\libgcc.a(_mulsi3.o)
 .text          0x0000059a        0x0 c:/winavr-20100110/bin/../lib/gcc/avr/4.3.3\libgcc.a(_divmodhi4.o)
 .text          0x0000059a        0x0 c:/winavr-20100110/bin/../lib/gcc/avr/4.3.3\libgcc.a(_udivmodsi4.o)
 .text          0x0000059a        0x0 c:/winavr-20100110/bin/../lib/gcc/avr/4.3.3\libgcc.a(_exit.o)
 .text          0x0000059a        0x0 c:/winavr-20100110/bin/../lib/gcc/avr/4.3.3\libgcc.a(_copy_data.o)
 .text          0x0000059a        0x0 c:/winavr-20100110/bin/../lib/gcc/avr/4.3.3\libgcc.a(_clear_bss.o)
 .text          0x0000059a        0x0 c:/winavr-20100110/bin/../lib/gcc/avr/4.3.3\libgcc.a(_udivmodhi4.o)
 .text          0x0000059a        0x0 c:/winavr-20100110/bin/../lib/gcc/avr/4.3.3/../../../../avr/lib\libc.a(strrev.o)
                0x0000059a                . = ALIGN (0x2)
 *(.text.*)
 .text.libgcc   0x0000059a       0x36 c:/winavr-20100110/bin/../lib/gcc/avr/4.3.3\libgcc.a(_mulsi3.o)
                0x0000059a                __mulsi3
 .text.libgcc   0x000005d0       0x26 c:/winavr-20100110/bin/../lib/gcc/avr/4.3.3\libgcc.a(_divmodhi4.o)
                0x000005d0                __divmodhi4
                0x000005d0                _div
 .text.libgcc   0x000005f6       0x4e c:/winavr-20100110/bin/../lib/gcc/avr/4.3.3\libgcc.a(_udivmodsi4.o)
                0x000005f6                __udivmodsi4
 .text.libgcc   0x00000644        0x0 c:/winavr-20100110/bin/../lib/gcc/avr/4.3.3\libgcc.a(_exit.o)
 .text.libgcc   0x00000644        0x0 c:/winavr-20100110/bin/../lib/gcc/avr/4.3.3\libgcc.a(_copy_data.o)
 .text.libgcc   0x00000644        0x0 c:/winavr-20100110/bin/../lib/gcc/avr/4.3.3\libgcc.a(_clear_bss.o)
 .text.libgcc   0x00000644       0x2c c:/winavr-20100110/bin/../lib/gcc/avr/4.3.3\libgcc.a(_udivmodhi4.o)
                0x00000644                __udivmodhi4
 .text.avr-libc
                0x00000670       0x24 c:/winavr-20100110/bin/../lib/gcc/avr/4.3.3/../../../../avr/lib\libc.a(strrev.o)
                0x00000670                strrev
                0x00000694                . = ALIGN (0x2)
 *(.fini9)
 .fini9         0x00000694        0x0 c:/winavr-20100110/bin/../lib/gcc/avr/4.3.3\libgcc.a(_exit.o)
                0x00000694                exit
                0x00000694                _exit
 *(.fini9)
 *(.fini8)
 *(.fini8)
 *(.fini7)
 *(.fini7)
 *(.fini6)
 *(.fini6)
 *(.fini5)
 *(.fini5)
 *(.fini4)
 *(.fini4)
 *(.fini3)
 *(.fini3)
 *(.fini2)
 *(.fini2)
 *(.fini1)
 *(.fini1)
 *(.fini0)
 .fini0         0x00000694        0x4 c:/winavr-20100110/bin/../lib/gcc/avr/4.3.3\libgcc.a(_exit.o)
 *(.fini0)
                0x00000698                _etext = .

.data           0x00800060       0x10 load address 0x00000698
                0x00800060                PROVIDE (__data_start, .)
 *(.data)
 .data          0x00800060        0x0 c:/winavr-20100110/bin/../lib/gcc/avr/4.3.3/../../../../avr/lib/crttn26.o
 .data          0x00800060       0x10 ./main.o
 .data          0x00800070        0x0 ./LCD/lcd44780.o
 .data          0x00800070        0x0 c:/winavr-20100110/bin/../lib/gcc/avr/4.3.3\libgcc.a(_mulsi3.o)
 .data          0x00800070        0x0 c:/winavr-20100110/bin/../lib/gcc/avr/4.3.3\libgcc.a(_divmodhi4.o)
 .data          0x00800070        0x0 c:/winavr-20100110/bin/../lib/gcc/avr/4.3.3\libgcc.a(_udivmodsi4.o)
 .data          0x00800070        0x0 c:/winavr-20100110/bin/../lib/gcc/avr/4.3.3\libgcc.a(_exit.o)
 .data          0x00800070        0x0 c:/winavr-20100110/bin/../lib/gcc/avr/4.3.3\libgcc.a(_copy_data.o)
 .data          0x00800070        0x0 c:/winavr-20100110/bin/../lib/gcc/avr/4.3.3\libgcc.a(_clear_bss.o)
 .data          0x00800070        0x0 c:/winavr-20100110/bin/../lib/gcc/avr/4.3.3\libgcc.a(_udivmodhi4.o)
 .data          0x00800070        0x0 c:/winavr-20100110/bin/../lib/gcc/avr/4.3.3/../../../../avr/lib\libc.a(strrev.o)
 *(.data*)
 *(.rodata)
 *(.rodata*)
 *(.gnu.linkonce.d*)
                0x00800070                . = ALIGN (0x2)
                0x00800070                _edata = .
                0x00800070                PROVIDE (__data_end, .)

.bss            0x00800070       0x1b
                0x00800070                PROVIDE (__bss_start, .)
 *(.bss)
 .bss           0x00800070        0x0 c:/winavr-20100110/bin/../lib/gcc/avr/4.3.3/../../../../avr/lib/crttn26.o
 .bss           0x00800070       0x11 ./main.o
                0x00800070                init
 .bss           0x00800081        0x0 ./LCD/lcd44780.o
 .bss           0x00800081        0x0 c:/winavr-20100110/bin/../lib/gcc/avr/4.3.3\libgcc.a(_mulsi3.o)
 .bss           0x00800081        0x0 c:/winavr-20100110/bin/../lib/gcc/avr/4.3.3\libgcc.a(_divmodhi4.o)
 .bss           0x00800081        0x0 c:/winavr-20100110/bin/../lib/gcc/avr/4.3.3\libgcc.a(_udivmodsi4.o)
 .bss           0x00800081        0x0 c:/winavr-20100110/bin/../lib/gcc/avr/4.3.3\libgcc.a(_exit.o)
 .bss           0x00800081        0x0 c:/winavr-20100110/bin/../lib/gcc/avr/4.3.3\libgcc.a(_copy_data.o)
 .bss           0x00800081        0x0 c:/winavr-20100110/bin/../lib/gcc/avr/4.3.3\libgcc.a(_clear_bss.o)
 .bss           0x00800081        0x0 c:/winavr-20100110/bin/../lib/gcc/avr/4.3.3\libgcc.a(_udivmodhi4.o)
 .bss           0x00800081        0x0 c:/winavr-20100110/bin/../lib/gcc/avr/4.3.3/../../../../avr/lib\libc.a(strrev.o)
 *(.bss*)
 *(COMMON)
 COMMON         0x00800081        0xa ./main.o
                0x00800081                liczba
                0x0080008b                PROVIDE (__bss_end, .)
                0x00000698                __data_load_start = LOADADDR (.data)
                0x000006a8                __data_load_end = (__data_load_start + SIZEOF (.data))

.noinit         0x0080008b        0x0
                0x0080008b                PROVIDE (__noinit_start, .)
 *(.noinit*)
                0x0080008b                PROVIDE (__noinit_end, .)
                0x0080008b                _end = .
                0x0080008b                PROVIDE (__heap_start, .)

.eeprom         0x00810000        0x0
 *(.eeprom*)
                0x00810000                __eeprom_end = .

.fuse
 *(.fuse)
 *(.lfuse)
 *(.hfuse)
 *(.efuse)

.lock
 *(.lock*)

.signature
 *(.signature*)

.stab
 *(.stab)

.stabstr
 *(.stabstr)

.stab.excl
 *(.stab.excl)

.stab.exclstr
 *(.stab.exclstr)

.stab.index
 *(.stab.index)

.stab.indexstr
 *(.stab.indexstr)

.comment
 *(.comment)

.debug
 *(.debug)

.line
 *(.line)

.debug_srcinfo
 *(.debug_srcinfo)

.debug_sfnames
 *(.debug_sfnames)

.debug_aranges
 *(.debug_aranges)

.debug_pubnames
 *(.debug_pubnames)

.debug_info
 *(.debug_info)
 *(.gnu.linkonce.wi.*)

.debug_abbrev
 *(.debug_abbrev)

.debug_line
 *(.debug_line)

.debug_frame
 *(.debug_frame)

.debug_str
 *(.debug_str)

.debug_loc
 *(.debug_loc)

.debug_macinfo
 *(.debug_macinfo)
OUTPUT(tiny26_VA.elf elf32-avr)
LOAD linker stubs
