Archive member included because of file (symbol)

c:/winavr-20100110/bin/../lib/gcc/avr/4.3.3/avr5\libgcc.a(_udivmodqi4.o)
                              ./main.o (__udivmodqi4)
c:/winavr-20100110/bin/../lib/gcc/avr/4.3.3/avr5\libgcc.a(_exit.o)
                              c:/winavr-20100110/bin/../lib/gcc/avr/4.3.3/../../../../avr/lib/avr5/crtm32.o (exit)
c:/winavr-20100110/bin/../lib/gcc/avr/4.3.3/avr5\libgcc.a(_copy_data.o)
                              ./d_led.o (__do_copy_data)
c:/winavr-20100110/bin/../lib/gcc/avr/4.3.3/avr5\libgcc.a(_clear_bss.o)
                              ./d_led.o (__do_clear_bss)
c:/winavr-20100110/bin/../lib/gcc/avr/4.3.3/../../../../avr/lib/avr5\libc.a(itoa.o)
                              ./MKUART/mkuart.o (itoa)
c:/winavr-20100110/bin/../lib/gcc/avr/4.3.3/../../../../avr/lib/avr5\libc.a(eerd_byte_atmega32.o)
                              ./LCD/lcd44780.o (__eerd_byte_m32)
c:/winavr-20100110/bin/../lib/gcc/avr/4.3.3/../../../../avr/lib/avr5\libc.a(strrev.o)
                              c:/winavr-20100110/bin/../lib/gcc/avr/4.3.3/../../../../avr/lib/avr5\libc.a(itoa.o) (strrev)
c:/winavr-20100110/bin/../lib/gcc/avr/4.3.3/avr5\libgcc.a(_udivmodhi4.o)
                              c:/winavr-20100110/bin/../lib/gcc/avr/4.3.3/../../../../avr/lib/avr5\libc.a(itoa.o) (__udivmodhi4)

Allocating common symbols
Common symbol       size              file

cy4                 0x1               ./d_led.o
toggle_bit          0x1               ./IR_DECODE/ir_decode.o
Timer3              0x2               ./main.o
godziny             0x1               ./main.o
address             0x1               ./IR_DECODE/ir_decode.o
UART_TxHead         0x1               ./MKUART/mkuart.o
sekundy             0x1               ./main.o
lcd_cnt             0x1               ./main.o
Timer4              0x2               ./main.o
command             0x1               ./IR_DECODE/ir_decode.o
rc5cnt              0x1               ./IR_DECODE/ir_decode.o
Ir_key_press_flag   0x1               ./IR_DECODE/ir_decode.o
UART_TxTail         0x1               ./MKUART/mkuart.o
cel_fract_bits      0x1               ./main.o
cy1                 0x1               ./d_led.o
subzero             0x1               ./main.o
bufor               0x4               ./main.o
cel                 0x1               ./main.o
Timer2              0x2               ./main.o
lcd_blink           0x1               ./main.o
czujniki_cnt        0x1               ./main.o
cy2                 0x1               ./d_led.o
UART_TxBuf          0x10              ./MKUART/mkuart.o
gSensorIDs          0x20              ./1Wire/ds18x20.o
UART_RxHead         0x1               ./MKUART/mkuart.o
UART_RxTail         0x1               ./MKUART/mkuart.o
Timer1              0x2               ./main.o
cy3                 0x1               ./d_led.o
minuty              0x1               ./main.o
UART_RxBuf          0x20              ./MKUART/mkuart.o

Memory Configuration

Name             Origin             Length             Attributes
text             0x00000000         0x00020000         xr
data             0x00800060         0x0000ffa0         rw !x
eeprom           0x00810000         0x00010000         rw !x
fuse             0x00820000         0x00000400         rw !x
lock             0x00830000         0x00000400         rw !x
signature        0x00840000         0x00000400         rw !x
*default*        0x00000000         0xffffffff

Linker script and memory map

LOAD c:/winavr-20100110/bin/../lib/gcc/avr/4.3.3/../../../../avr/lib/avr5/crtm32.o
LOAD ./d_led.o
LOAD ./main.o
LOAD ./MKUART/mkuart.o
LOAD ./LCD/lcd44780.o
LOAD ./IR_DECODE/ir_decode.o
LOAD ./I2C_TWI/i2c_twi.o
LOAD ./1Wire/crc8.o
LOAD ./1Wire/ds18x20.o
LOAD ./1Wire/onewire.o
LOAD c:/winavr-20100110/bin/../lib/gcc/avr/4.3.3/avr5\libgcc.a
LOAD c:/winavr-20100110/bin/../lib/gcc/avr/4.3.3/../../../../avr/lib/avr5\libc.a
LOAD c:/winavr-20100110/bin/../lib/gcc/avr/4.3.3/avr5\libgcc.a

.hash
 *(.hash)

.dynsym
 *(.dynsym)

.dynstr
 *(.dynstr)

.gnu.version
 *(.gnu.version)

.gnu.version_d
 *(.gnu.version_d)

.gnu.version_r
 *(.gnu.version_r)

.rel.init
 *(.rel.init)

.rela.init
 *(.rela.init)

.rel.text
 *(.rel.text)
 *(.rel.text.*)
 *(.rel.gnu.linkonce.t*)

.rela.text
 *(.rela.text)
 *(.rela.text.*)
 *(.rela.gnu.linkonce.t*)

.rel.fini
 *(.rel.fini)

.rela.fini
 *(.rela.fini)

.rel.rodata
 *(.rel.rodata)
 *(.rel.rodata.*)
 *(.rel.gnu.linkonce.r*)

.rela.rodata
 *(.rela.rodata)
 *(.rela.rodata.*)
 *(.rela.gnu.linkonce.r*)

.rel.data
 *(.rel.data)
 *(.rel.data.*)
 *(.rel.gnu.linkonce.d*)

.rela.data
 *(.rela.data)
 *(.rela.data.*)
 *(.rela.gnu.linkonce.d*)

.rel.ctors
 *(.rel.ctors)

.rela.ctors
 *(.rela.ctors)

.rel.dtors
 *(.rel.dtors)

.rela.dtors
 *(.rela.dtors)

.rel.got
 *(.rel.got)

.rela.got
 *(.rela.got)

.rel.bss
 *(.rel.bss)

.rela.bss
 *(.rela.bss)

.rel.plt
 *(.rel.plt)

.rela.plt
 *(.rela.plt)

.text           0x00000000     0x13c4
 *(.vectors)
 .vectors       0x00000000       0x54 c:/winavr-20100110/bin/../lib/gcc/avr/4.3.3/../../../../avr/lib/avr5/crtm32.o
                0x00000000                __vectors
                0x00000000                __vector_default
 *(.vectors)
 *(.progmem.gcc*)
 *(.progmem*)
 .progmem.data  0x00000054        0xf ./d_led.o
                0x00000054                cyfry
 .progmem.data  0x00000063       0x11 ./main.o
                0x00000074                . = ALIGN (0x2)
                0x00000074                __trampolines_start = .
 *(.trampolines)
 .trampolines   0x00000074        0x0 linker stubs
 *(.trampolines*)
                0x00000074                __trampolines_end = .
 *(.jumptables)
 *(.jumptables*)
 *(.lowtext)
 *(.lowtext*)
                0x00000074                __ctors_start = .
 *(.ctors)
                0x00000074                __ctors_end = .
                0x00000074                __dtors_start = .
 *(.dtors)
                0x00000074                __dtors_end = .
 SORT(*)(.ctors)
 SORT(*)(.dtors)
 *(.init0)
 .init0         0x00000074        0x0 c:/winavr-20100110/bin/../lib/gcc/avr/4.3.3/../../../../avr/lib/avr5/crtm32.o
                0x00000074                __init
 *(.init0)
 *(.init1)
 *(.init1)
 *(.init2)
 .init2         0x00000074        0xc c:/winavr-20100110/bin/../lib/gcc/avr/4.3.3/../../../../avr/lib/avr5/crtm32.o
 *(.init2)
 *(.init3)
 *(.init3)
 *(.init4)
 .init4         0x00000080       0x16 c:/winavr-20100110/bin/../lib/gcc/avr/4.3.3/avr5\libgcc.a(_copy_data.o)
                0x00000080                __do_copy_data
 .init4         0x00000096       0x10 c:/winavr-20100110/bin/../lib/gcc/avr/4.3.3/avr5\libgcc.a(_clear_bss.o)
                0x00000096                __do_clear_bss
 *(.init4)
 *(.init5)
 *(.init5)
 *(.init6)
 *(.init6)
 *(.init7)
 *(.init7)
 *(.init8)
 *(.init8)
 *(.init9)
 .init9         0x000000a6        0x8 c:/winavr-20100110/bin/../lib/gcc/avr/4.3.3/../../../../avr/lib/avr5/crtm32.o
 *(.init9)
 *(.text)
 .text          0x000000ae        0x4 c:/winavr-20100110/bin/../lib/gcc/avr/4.3.3/../../../../avr/lib/avr5/crtm32.o
                0x000000ae                __vector_12
                0x000000ae                __bad_interrupt
                0x000000ae                __vector_3
                0x000000ae                __vector_11
                0x000000ae                __vector_17
                0x000000ae                __vector_19
                0x000000ae                __vector_7
                0x000000ae                __vector_5
                0x000000ae                __vector_9
                0x000000ae                __vector_2
                0x000000ae                __vector_15
                0x000000ae                __vector_8
                0x000000ae                __vector_16
                0x000000ae                __vector_18
                0x000000ae                __vector_20
 .text          0x000000b2       0xc6 ./d_led.o
                0x000000b2                d_led_init
                0x000000dc                __vector_10
 .text          0x00000178      0x592 ./main.o
                0x0000032e                kl2_press
                0x00000324                kl1_rep
                0x00000178                __vector_1
                0x00000368                display_temp
                0x000003ac                kl2_rep
                0x000003d8                main
                0x00000196                __vector_4
                0x00000332                dec2bcd
                0x00000320                kl1_press
                0x00000354                bcd2dec
                0x0000020a                SuperDebounce
 .text          0x0000070a      0x14c ./MKUART/mkuart.o
                0x00000742                uart_puts
                0x000007d2                __vector_13
                0x00000814                uart_putint
                0x0000070a                USART_Init
                0x000007a8                uart_getc
                0x0000071e                uart_putc
                0x0000075a                __vector_14
 .text          0x00000856      0x2b6 ./LCD/lcd44780.o
                0x000009f0                lcd_cls
                0x000008ce                _lcd_write_byte
                0x000009e0                lcd_locate
                0x0000090e                lcd_char
                0x000009a0                lcd_defchar_P
                0x000008c6                check_BF
                0x00000a68                lcd_defchar_E
                0x00000920                lcd_str
                0x000008fe                lcd_write_cmd
                0x00000aa8                lcd_str_E
                0x00000970                lcd_defchar
                0x00000944                lcd_str_P
                0x000009f8                lcd_init
                0x00000ad4                lcd_int
                0x00000906                lcd_write_data
                0x0000089e                _lcd_read_byte
 .text          0x00000b0c      0x190 ./IR_DECODE/ir_decode.o
                0x00000b2c                __vector_6
                0x00000b0c                ir_init
 .text          0x00000c9c       0xfc ./I2C_TWI/i2c_twi.o
                0x00000cb4                TWI_write
                0x00000c9c                TWI_start
                0x00000cc2                TWI_read
                0x00000d24                TWI_read_buf
                0x00000ca8                TWI_stop
                0x00000cd8                TWI_write_buf
 .text          0x00000d98       0x40 ./1Wire/crc8.o
                0x00000d98                crc8
 .text          0x00000dd8      0x3cc ./1Wire/ds18x20.o
                0x00000faa                DS18X20_read_meas
                0x00000efc                DS18X20_read_meas_single
                0x00001060                DS18X20_start_meas
                0x00001094                DS18X20_get_power_status
                0x00000eca                DS18X20_temp_cmp
                0x00000dd8                DS18X20_meas_to_cel
                0x000010be                DS18X20_find_sensor
                0x000010f2                search_sensors
 .text          0x000011a4      0x16a ./1Wire/onewire.o
                0x000012d0                ow_command
                0x000011b6                ow_reset
                0x000011a4                ow_input_pin_state
                0x00001230                ow_byte_rd
                0x00001238                ow_rom_search
                0x000011b0                ow_parasite_disable
                0x000011aa                ow_parasite_enable
                0x0000120e                ow_byte_wr
                0x000011e8                ow_bit_io
 .text          0x0000130e        0x0 c:/winavr-20100110/bin/../lib/gcc/avr/4.3.3/avr5\libgcc.a(_udivmodqi4.o)
 .text          0x0000130e        0x0 c:/winavr-20100110/bin/../lib/gcc/avr/4.3.3/avr5\libgcc.a(_exit.o)
 .text          0x0000130e        0x0 c:/winavr-20100110/bin/../lib/gcc/avr/4.3.3/avr5\libgcc.a(_copy_data.o)
 .text          0x0000130e        0x0 c:/winavr-20100110/bin/../lib/gcc/avr/4.3.3/avr5\libgcc.a(_clear_bss.o)
 .text          0x0000130e        0x0 c:/winavr-20100110/bin/../lib/gcc/avr/4.3.3/../../../../avr/lib/avr5\libc.a(itoa.o)
 .text          0x0000130e        0x0 c:/winavr-20100110/bin/../lib/gcc/avr/4.3.3/../../../../avr/lib/avr5\libc.a(eerd_byte_atmega32.o)
 .text          0x0000130e        0x0 c:/winavr-20100110/bin/../lib/gcc/avr/4.3.3/../../../../avr/lib/avr5\libc.a(strrev.o)
 .text          0x0000130e        0x0 c:/winavr-20100110/bin/../lib/gcc/avr/4.3.3/avr5\libgcc.a(_udivmodhi4.o)
                0x0000130e                . = ALIGN (0x2)
 *(.text.*)
 .text.libgcc   0x0000130e       0x18 c:/winavr-20100110/bin/../lib/gcc/avr/4.3.3/avr5\libgcc.a(_udivmodqi4.o)
                0x0000130e                __udivmodqi4
 .text.libgcc   0x00001326        0x0 c:/winavr-20100110/bin/../lib/gcc/avr/4.3.3/avr5\libgcc.a(_exit.o)
 .text.libgcc   0x00001326        0x0 c:/winavr-20100110/bin/../lib/gcc/avr/4.3.3/avr5\libgcc.a(_copy_data.o)
 .text.libgcc   0x00001326        0x0 c:/winavr-20100110/bin/../lib/gcc/avr/4.3.3/avr5\libgcc.a(_clear_bss.o)
 .text.avr-libc
                0x00001326       0x42 c:/winavr-20100110/bin/../lib/gcc/avr/4.3.3/../../../../avr/lib/avr5\libc.a(itoa.o)
                0x00001326                itoa
 .text.avr-libc
                0x00001368       0x10 c:/winavr-20100110/bin/../lib/gcc/avr/4.3.3/../../../../avr/lib/avr5\libc.a(eerd_byte_atmega32.o)
                0x00001368                __eerd_byte_m32
 .text.avr-libc
                0x00001378       0x20 c:/winavr-20100110/bin/../lib/gcc/avr/4.3.3/../../../../avr/lib/avr5\libc.a(strrev.o)
                0x00001378                strrev
 .text.libgcc   0x00001398       0x28 c:/winavr-20100110/bin/../lib/gcc/avr/4.3.3/avr5\libgcc.a(_udivmodhi4.o)
                0x00001398                __udivmodhi4
                0x000013c0                . = ALIGN (0x2)
 *(.fini9)
 .fini9         0x000013c0        0x0 c:/winavr-20100110/bin/../lib/gcc/avr/4.3.3/avr5\libgcc.a(_exit.o)
                0x000013c0                exit
                0x000013c0                _exit
 *(.fini9)
 *(.fini8)
 *(.fini8)
 *(.fini7)
 *(.fini7)
 *(.fini6)
 *(.fini6)
 *(.fini5)
 *(.fini5)
 *(.fini4)
 *(.fini4)
 *(.fini3)
 *(.fini3)
 *(.fini2)
 *(.fini2)
 *(.fini1)
 *(.fini1)
 *(.fini0)
 .fini0         0x000013c0        0x4 c:/winavr-20100110/bin/../lib/gcc/avr/4.3.3/avr5\libgcc.a(_exit.o)
 *(.fini0)
                0x000013c4                _etext = .

.data           0x00800060       0x62 load address 0x000013c4
                0x00800060                PROVIDE (__data_start, .)
 *(.data)
 .data          0x00800060        0x0 c:/winavr-20100110/bin/../lib/gcc/avr/4.3.3/../../../../avr/lib/avr5/crtm32.o
 .data          0x00800060        0x4 ./d_led.o
 .data          0x00800064       0x4d ./main.o
                0x008000a9                stopien
                0x008000a8                int0_flag
 .data          0x008000b1        0x0 ./MKUART/mkuart.o
 .data          0x008000b1        0x0 ./LCD/lcd44780.o
 .data          0x008000b1        0x0 ./IR_DECODE/ir_decode.o
 .data          0x008000b1        0x0 ./I2C_TWI/i2c_twi.o
 .data          0x008000b1        0x0 ./1Wire/crc8.o
 .data          0x008000b1       0x10 ./1Wire/ds18x20.o
 .data          0x008000c1        0x0 ./1Wire/onewire.o
 .data          0x008000c1        0x0 c:/winavr-20100110/bin/../lib/gcc/avr/4.3.3/avr5\libgcc.a(_udivmodqi4.o)
 .data          0x008000c1        0x0 c:/winavr-20100110/bin/../lib/gcc/avr/4.3.3/avr5\libgcc.a(_exit.o)
 .data          0x008000c1        0x0 c:/winavr-20100110/bin/../lib/gcc/avr/4.3.3/avr5\libgcc.a(_copy_data.o)
 .data          0x008000c1        0x0 c:/winavr-20100110/bin/../lib/gcc/avr/4.3.3/avr5\libgcc.a(_clear_bss.o)
 .data          0x008000c1        0x0 c:/winavr-20100110/bin/../lib/gcc/avr/4.3.3/../../../../avr/lib/avr5\libc.a(itoa.o)
 .data          0x008000c1        0x0 c:/winavr-20100110/bin/../lib/gcc/avr/4.3.3/../../../../avr/lib/avr5\libc.a(eerd_byte_atmega32.o)
 .data          0x008000c1        0x0 c:/winavr-20100110/bin/../lib/gcc/avr/4.3.3/../../../../avr/lib/avr5\libc.a(strrev.o)
 .data          0x008000c1        0x0 c:/winavr-20100110/bin/../lib/gcc/avr/4.3.3/avr5\libgcc.a(_udivmodhi4.o)
 *(.data*)
 *(.rodata)
 *(.rodata*)
 *(.gnu.linkonce.d*)
                0x008000c2                . = ALIGN (0x2)
 *fill*         0x008000c1        0x1 00
                0x008000c2                _edata = .
                0x008000c2                PROVIDE (__data_end, .)

.bss            0x008000c2       0x7b
                0x008000c2                PROVIDE (__bss_start, .)
 *(.bss)
 .bss           0x008000c2        0x0 c:/winavr-20100110/bin/../lib/gcc/avr/4.3.3/../../../../avr/lib/avr5/crtm32.o
 .bss           0x008000c2        0x1 ./d_led.o
 .bss           0x008000c3        0x2 ./main.o
 .bss           0x008000c5        0x0 ./MKUART/mkuart.o
 .bss           0x008000c5        0x0 ./LCD/lcd44780.o
 .bss           0x008000c5        0x6 ./IR_DECODE/ir_decode.o
 .bss           0x008000cb        0x0 ./I2C_TWI/i2c_twi.o
 .bss           0x008000cb        0x0 ./1Wire/crc8.o
 .bss           0x008000cb        0x0 ./1Wire/ds18x20.o
 .bss           0x008000cb        0x0 ./1Wire/onewire.o
 .bss           0x008000cb        0x0 c:/winavr-20100110/bin/../lib/gcc/avr/4.3.3/avr5\libgcc.a(_udivmodqi4.o)
 .bss           0x008000cb        0x0 c:/winavr-20100110/bin/../lib/gcc/avr/4.3.3/avr5\libgcc.a(_exit.o)
 .bss           0x008000cb        0x0 c:/winavr-20100110/bin/../lib/gcc/avr/4.3.3/avr5\libgcc.a(_copy_data.o)
 .bss           0x008000cb        0x0 c:/winavr-20100110/bin/../lib/gcc/avr/4.3.3/avr5\libgcc.a(_clear_bss.o)
 .bss           0x008000cb        0x0 c:/winavr-20100110/bin/../lib/gcc/avr/4.3.3/../../../../avr/lib/avr5\libc.a(itoa.o)
 .bss           0x008000cb        0x0 c:/winavr-20100110/bin/../lib/gcc/avr/4.3.3/../../../../avr/lib/avr5\libc.a(eerd_byte_atmega32.o)
 .bss           0x008000cb        0x0 c:/winavr-20100110/bin/../lib/gcc/avr/4.3.3/../../../../avr/lib/avr5\libc.a(strrev.o)
 .bss           0x008000cb        0x0 c:/winavr-20100110/bin/../lib/gcc/avr/4.3.3/avr5\libgcc.a(_udivmodhi4.o)
 *(.bss*)
 *(COMMON)
 COMMON         0x008000cb        0x4 ./d_led.o
                0x008000cb                cy4
                0x008000cc                cy1
                0x008000cd                cy2
                0x008000ce                cy3
 COMMON         0x008000cf       0x15 ./main.o
                0x008000cf                Timer3
                0x008000d1                godziny
                0x008000d2                sekundy
                0x008000d3                lcd_cnt
                0x008000d4                Timer4
                0x008000d6                cel_fract_bits
                0x008000d7                subzero
                0x008000d8                bufor
                0x008000dc                cel
                0x008000dd                Timer2
                0x008000df                lcd_blink
                0x008000e0                czujniki_cnt
                0x008000e1                Timer1
                0x008000e3                minuty
 COMMON         0x008000e4       0x34 ./MKUART/mkuart.o
                0x008000e4                UART_TxHead
                0x008000e5                UART_TxTail
                0x008000e6                UART_TxBuf
                0x008000f6                UART_RxHead
                0x008000f7                UART_RxTail
                0x008000f8                UART_RxBuf
 COMMON         0x00800118        0x5 ./IR_DECODE/ir_decode.o
                0x00800118                toggle_bit
                0x00800119                address
                0x0080011a                command
                0x0080011b                rc5cnt
                0x0080011c                Ir_key_press_flag
 COMMON         0x0080011d       0x20 ./1Wire/ds18x20.o
                0x0080011d                gSensorIDs
                0x0080013d                PROVIDE (__bss_end, .)
                0x000013c4                __data_load_start = LOADADDR (.data)
                0x00001426                __data_load_end = (__data_load_start + SIZEOF (.data))

.noinit         0x0080013d        0x0
                0x0080013d                PROVIDE (__noinit_start, .)
 *(.noinit*)
                0x0080013d                PROVIDE (__noinit_end, .)
                0x0080013d                _end = .
                0x0080013d                PROVIDE (__heap_start, .)

.eeprom         0x00810000        0x0
 *(.eeprom*)
                0x00810000                __eeprom_end = .

.fuse
 *(.fuse)
 *(.lfuse)
 *(.hfuse)
 *(.efuse)

.lock
 *(.lock*)

.signature
 *(.signature*)

.stab
 *(.stab)

.stabstr
 *(.stabstr)

.stab.excl
 *(.stab.excl)

.stab.exclstr
 *(.stab.exclstr)

.stab.index
 *(.stab.index)

.stab.indexstr
 *(.stab.indexstr)

.comment
 *(.comment)

.debug
 *(.debug)

.line
 *(.line)

.debug_srcinfo
 *(.debug_srcinfo)

.debug_sfnames
 *(.debug_sfnames)

.debug_aranges
 *(.debug_aranges)

.debug_pubnames
 *(.debug_pubnames)

.debug_info
 *(.debug_info)
 *(.gnu.linkonce.wi.*)

.debug_abbrev
 *(.debug_abbrev)

.debug_line
 *(.debug_line)

.debug_frame
 *(.debug_frame)

.debug_str
 *(.debug_str)

.debug_loc
 *(.debug_loc)

.debug_macinfo
 *(.debug_macinfo)
OUTPUT(19_test.elf elf32-avr)
LOAD linker stubs
